../Core/Src/freertos.c:124:6:initialize	8	static
../Core/Src/freertos.c:138:6:delay	16	static
../Core/Src/freertos.c:145:6:HAL_TIM_IC_CaptureCallback	16	static
../Core/Src/freertos.c:217:6:HCSR04_Read_Left	8	static
../Core/Src/freertos.c:226:6:HCSR04_Read_Right	8	static
../Core/Src/freertos.c:235:6:Entrace_Car	8	static
../Core/Src/freertos.c:249:6:Exit_Car	8	static
../Core/Src/freertos.c:265:6:Default_LCD	8	static
../Core/Src/freertos.c:279:6:Entrance_Success	8	static
../Core/Src/freertos.c:294:6:Entrance_Fail	8	static
../Core/Src/freertos.c:309:6:Exit_Success	8	static
../Core/Src/freertos.c:328:6:Exit_Fail	8	static
../Core/Src/freertos.c:344:6:BLE_Entrance_Success	16	static
../Core/Src/freertos.c:362:6:BLE_Entrance_Fail	16	static
../Core/Src/freertos.c:377:6:BLE_Exit_Success	16	static
../Core/Src/freertos.c:397:6:BLE_Exit_Fail	16	static
../Core/Src/freertos.c:413:6:Detect_Left	8	static
../Core/Src/freertos.c:437:6:Detect_Right	8	static
../Core/Src/freertos.c:461:6:Parsing_Car_number	16	static
../Core/Src/freertos.c:471:6:Parsing_Price	16	static
../Core/Src/freertos.c:486:6:HAL_UART_RxCpltCallback	16	static
../Core/Src/freertos.c:518:6:vApplicationGetIdleTaskMemory	24	static
../Core/Src/freertos.c:532:6:MX_FREERTOS_Init	168	static
../Core/Src/freertos.c:593:6:UltraSonicTask	16	static
../Core/Src/freertos.c:615:6:ServoMotorTask	16	static
../Core/Src/freertos.c:636:6:LcdTask	16	static
../Core/Src/freertos.c:665:6:ManagerTask	16	static
../Core/Src/freertos.c:690:6:RaspTask	16	static
