../Core/Src/freertos.c:127:6:delay	16	static
../Core/Src/freertos.c:134:6:HAL_TIM_IC_CaptureCallback	16	static
../Core/Src/freertos.c:206:6:HCSR04_Read_Left	8	static
../Core/Src/freertos.c:215:6:HCSR04_Read_Right	8	static
../Core/Src/freertos.c:224:6:HAL_UART_RxCpltCallback	16	static
../Core/Src/freertos.c:256:6:vApplicationGetIdleTaskMemory	24	static
../Core/Src/freertos.c:270:6:MX_FREERTOS_Init	168	static
../Core/Src/freertos.c:340:6:UltraSonicTask	16	static
../Core/Src/freertos.c:362:6:ServoMotorTask	16	static
../Core/Src/freertos.c:403:6:LcdTask	16	static
../Core/Src/freertos.c:488:6:ManagerTask	32	static
../Core/Src/freertos.c:561:6:RaspTask	32	static
