../Core/Src/freertos.c:104:6:delay	16	static
../Core/Src/freertos.c:111:6:HAL_TIM_IC_CaptureCallback	16	static
../Core/Src/freertos.c:183:6:HCSR04_Read_Left	8	static
../Core/Src/freertos.c:192:6:HCSR04_Read_Right	8	static
../Core/Src/freertos.c:201:6:HAL_UART_RxCpltCallback	16	static
../Core/Src/freertos.c:234:6:vApplicationGetIdleTaskMemory	24	static
../Core/Src/freertos.c:248:6:MX_FREERTOS_Init	224	static
../Core/Src/freertos.c:323:6:SemaphoreTask	16	static
../Core/Src/freertos.c:367:6:SemaphoreTask2	16	static
../Core/Src/freertos.c:389:6:StartTask03	16	static
../Core/Src/freertos.c:440:6:StartTask04	16	static
../Core/Src/freertos.c:501:6:StartTask05	16	static
../Core/Src/freertos.c:519:6:StartTask06	16	static
../Core/Src/freertos.c:577:6:StartTask07	16	static
